\BOOKMARK [1][-]{section.1}{\376\377\000R\000e\000s\000u\000m\000o}{}% 1
\BOOKMARK [1][-]{section.2}{\376\377\000I\000n\000t\000r\000o\000d\000u\000\347\000\343\000o}{}% 2
\BOOKMARK [1][-]{section.3}{\376\377\000A\000t\000i\000v\000i\000d\000a\000d\000e\000s\000\040\000d\000a\000\040\000s\000e\000g\000u\000n\000d\000a\000\040\000a\000u\000l\000a\000,\000\040\000d\000o\000\040\000d\000i\000a\000\040\0001\0002\000/\0000\0008\000/\0002\0000\0002\0006}{}% 3
\BOOKMARK [1][-]{section.4}{\376\377\000T\000a\000r\000e\000f\000a\000\040\0002\000\040\040\023\000\040\000M\000a\000s\000s\000a\000\040\000E\000s\000p\000e\000c\000\355\000f\000i\000c\000a\000\040\000d\000o\000\040\000A\000r\000\040\000e\000m\000\040\000F\000u\000n\000\347\000\343\000o\000\040\000d\000a\000\040\000A\000l\000t\000i\000t\000u\000d\000e\000\040\000e\000\040\000d\000a\000\040\000T\000e\000m\000p\000e\000r\000a\000t\000u\000r\000a}{}% 4
\BOOKMARK [2][-]{subsection.4.1}{\376\377\000F\000u\000n\000d\000a\000m\000e\000n\000t\000a\000\347\000\343\000o\000\040\000t\000e\000\363\000r\000i\000c\000a}{section.4}% 5
\BOOKMARK [2][-]{subsection.4.2}{\376\377\000M\000e\000t\000o\000d\000o\000l\000o\000g\000i\000a}{section.4}% 6
\BOOKMARK [2][-]{subsection.4.3}{\376\377\000R\000e\000s\000u\000l\000t\000a\000d\000o\000s}{section.4}% 7
\BOOKMARK [1][-]{section.5}{\376\377\000T\000a\000r\000e\000f\000a\000\040\0003\000\040\040\023\000\040\000V\000e\000l\000o\000c\000i\000d\000a\000d\000e\000\040\000d\000o\000\040\000V\000e\000n\000t\000o}{}% 8
\BOOKMARK [2][-]{subsection.5.1}{\376\377\000F\000u\000n\000d\000a\000m\000e\000n\000t\000a\000\347\000\343\000o\000\040\000T\000e\000\363\000r\000i\000c\000a}{section.5}% 9
\BOOKMARK [2][-]{subsection.5.2}{\376\377\000M\000e\000t\000o\000d\000o\000l\000o\000g\000i\000a\000\040\000e\000\040\000T\000r\000a\000t\000a\000m\000e\000n\000t\000o\000\040\000d\000o\000s\000\040\000D\000a\000d\000o\000s}{section.5}% 10
\BOOKMARK [2][-]{subsection.5.3}{\376\377\000T\000a\000r\000e\000f\000a\000\040\0003\000.\0001\000\040\040\023\000\040\000V\000a\000r\000i\000a\000\347\000\343\000o\000\040\000d\000a\000\040\000v\000e\000l\000o\000c\000i\000d\000a\000d\000e\000\040\000m\000\351\000d\000i\000a\000\040\000a\000n\000u\000a\000l}{section.5}% 11
\BOOKMARK [2][-]{subsection.5.4}{\376\377\000T\000a\000r\000e\000f\000a\000\040\0003\000.\0002\000\040\040\023\000\040\000V\000a\000r\000i\000a\000\347\000\343\000o\000\040\000S\000a\000z\000o\000n\000a\000l\000\040\000d\000o\000\040\000V\000e\000n\000t\000o}{section.5}% 12
\BOOKMARK [2][-]{subsection.5.5}{\376\377\000T\000a\000r\000e\000f\000a\000\040\0003\000.\0003\000\040\040\023\000\040\000V\000a\000r\000i\000a\000\347\000\343\000o\000\040\000d\000a\000\040\000V\000e\000l\000o\000c\000i\000d\000a\000d\000e\000\040\000M\000\351\000d\000i\000a\000\040\000H\000o\000r\000\341\000r\000i\000a\000\040\000e\000m\000\040\000D\000u\000a\000s\000\040\000A\000l\000t\000u\000r\000a\000s\000\040\000\050\000P\000i\000c\000o\000s\000/\000P\000I\000\051}{section.5}% 13
\BOOKMARK [1][-]{section.6}{\376\377\000T\000a\000r\000e\000f\000a\000\040\0004\000\040\040\023\000\040\000D\000i\000s\000t\000r\000i\000b\000u\000i\000\347\000\343\000o\000\040\000d\000e\000\040\000F\000r\000e\000q\000u\000\352\000n\000c\000i\000a\000\040\000d\000a\000\040\000V\000e\000l\000o\000c\000i\000d\000a\000d\000e\000\040\000d\000o\000\040\000V\000e\000n\000t\000o}{}% 14
\BOOKMARK [2][-]{subsection.6.1}{\376\377\000F\000u\000n\000d\000a\000m\000e\000n\000t\000a\000\347\000\343\000o\000\040\000t\000e\000\363\000r\000i\000c\000a}{section.6}% 15
\BOOKMARK [2][-]{subsection.6.2}{\376\377\000M\000e\000t\000o\000d\000o\000l\000o\000g\000i\000a}{section.6}% 16
\BOOKMARK [2][-]{subsection.6.3}{\376\377\000R\000e\000s\000u\000l\000t\000a\000d\000o\000s}{section.6}% 17
\BOOKMARK [1][-]{section.7}{\376\377\000A\000t\000i\000v\000i\000d\000a\000d\000e\000s\000\040\000d\000a\000\040\000t\000e\000r\000c\000e\000i\000r\000a\000\040\000a\000u\000l\000a\000,\000\040\000d\000o\000\040\000d\000i\000a\000\040\0001\0004\000/\0000\0008\000/\0002\0000\0002\0006}{}% 18
\BOOKMARK [1][-]{section.8}{\376\377\000T\000a\000r\000e\000f\000a\000\040\0005\000\040\040\023\000\040\000D\000i\000s\000t\000r\000i\000b\000u\000i\000\347\000\343\000o\000\040\000d\000e\000\040\000W\000e\000i\000b\000u\000l\000l\000\040\000\050\000P\000i\000c\000o\000s\000/\000P\000I\000\051}{}% 19
\BOOKMARK [2][-]{subsection.8.1}{\376\377\000F\000u\000n\000d\000a\000m\000e\000n\000t\000a\000\347\000\343\000o\000\040\000t\000e\000\363\000r\000i\000c\000a}{section.8}% 20
\BOOKMARK [2][-]{subsection.8.2}{\376\377\000M\000e\000t\000o\000d\000o\000l\000o\000g\000i\000a}{section.8}% 21
\BOOKMARK [2][-]{subsection.8.3}{\376\377\000R\000e\000s\000u\000l\000t\000a\000d\000o\000s}{section.8}% 22
\BOOKMARK [1][-]{section.9}{\376\377\000T\000a\000r\000e\000f\000a\000\040\0006\000\040\040\023\000\040\000D\000i\000s\000t\000r\000i\000b\000u\000i\000\347\000\343\000o\000\040\000d\000e\000\040\000W\000e\000i\000b\000u\000l\000l\000\040\000\050\000F\000o\000r\000t\000a\000l\000e\000z\000a\000/\000C\000E\000\051}{}% 23
\BOOKMARK [2][-]{subsection.9.1}{\376\377\000M\000e\000t\000o\000d\000o\000l\000o\000g\000i\000a}{section.9}% 24
\BOOKMARK [2][-]{subsection.9.2}{\376\377\000R\000e\000s\000u\000l\000t\000a\000d\000o\000s\000\040\000e\000\040\000A\000n\000\341\000l\000i\000s\000e\000\040\000C\000r\000\355\000t\000i\000c\000a}{section.9}% 25
\BOOKMARK [1][-]{section.10}{\376\377\000T\000a\000r\000e\000f\000a\000\040\0007\000\040\040\023\000\040\000E\000s\000t\000i\000m\000a\000\347\000\343\000o\000\040\000d\000o\000s\000\040\000P\000a\000r\000\342\000m\000e\000t\000r\000o\000s\000\040\000d\000e\000\040\000W\000e\000i\000b\000u\000l\000l\000\040\000p\000o\000r\000\040\000D\000i\000f\000e\000r\000e\000n\000t\000e\000s\000\040\000M\000\351\000t\000o\000d\000o\000s}{}% 26
\BOOKMARK [2][-]{subsection.10.1}{\376\377\000F\000u\000n\000d\000a\000m\000e\000n\000t\000a\000\347\000\343\000o\000\040\000T\000e\000\363\000r\000i\000c\000a}{section.10}% 27
\BOOKMARK [2][-]{subsection.10.2}{\376\377\000M\000e\000t\000o\000d\000o\000l\000o\000g\000i\000a}{section.10}% 28
\BOOKMARK [2][-]{subsection.10.3}{\376\377\000R\000e\000s\000u\000l\000t\000a\000d\000o\000s\000\040\000e\000\040\000A\000n\000\341\000l\000i\000s\000e\000\040\000C\000r\000\355\000t\000i\000c\000a}{section.10}% 29
\BOOKMARK [1][-]{section.11}{\376\377\000T\000a\000r\000e\000f\000a\000\040\0008\000\040\040\023\000\040\000E\000s\000t\000i\000m\000a\000t\000i\000v\000a\000\040\000d\000a\000\040\000P\000r\000o\000d\000u\000t\000i\000v\000i\000d\000a\000d\000e\000\040\000d\000e\000\040\000E\000n\000e\000r\000g\000i\000a}{}% 30
\BOOKMARK [2][-]{subsection.11.1}{\376\377\000F\000u\000n\000d\000a\000m\000e\000n\000t\000a\000\347\000\343\000o\000\040\000T\000e\000\363\000r\000i\000c\000a}{section.11}% 31
\BOOKMARK [2][-]{subsection.11.2}{\376\377\000M\000e\000t\000o\000d\000o\000l\000o\000g\000i\000a}{section.11}% 32
\BOOKMARK [2][-]{subsection.11.3}{\376\377\000R\000e\000s\000u\000l\000t\000a\000d\000o\000s\000\040\000e\000\040\000A\000n\000\341\000l\000i\000s\000e\000\040\000C\000r\000\355\000t\000i\000c\000a}{section.11}% 33
\BOOKMARK [1][-]{section.12}{\376\377\000C\000o\000n\000c\000l\000u\000s\000\343\000o}{}% 34
\BOOKMARK [1][-]{section.13}{\376\377\000A\000t\000i\000v\000i\000d\000a\000d\000e\000s\000\040\000d\000a\000\040\000s\000\351\000t\000i\000m\000a\000\040\000a\000u\000l\000a}{}% 35
\BOOKMARK [1][-]{section.14}{\376\377\000T\000a\000r\000e\000f\000a\000\040\0001\0002\000\040\040\023\000\040\000E\000n\000e\000r\000g\000i\000a\000\040\000A\000n\000u\000a\000l\000\040\000G\000e\000r\000a\000d\000a\000\040\000\050\000E\000A\000G\000\051}{}% 36
\BOOKMARK [2][-]{subsection.14.1}{\376\377\000F\000u\000n\000d\000a\000m\000e\000n\000t\000a\000\347\000\343\000o\000\040\000T\000e\000\363\000r\000i\000c\000a}{section.14}% 37
\BOOKMARK [2][-]{subsection.14.2}{\376\377\000M\000e\000t\000o\000d\000o\000l\000o\000g\000i\000a}{section.14}% 38
\BOOKMARK [3][-]{subsubsection.14.2.1}{\376\377\000A\000e\000r\000o\000g\000e\000r\000a\000d\000o\000r\000\040\000u\000t\000i\000l\000i\000z\000a\000d\000o}{subsection.14.2}% 39
\BOOKMARK [3][-]{subsubsection.14.2.2}{\376\377\000L\000o\000c\000a\000l\000i\000d\000a\000d\000e\000s\000,\000\040\000a\000n\000o\000s\000\040\000e\000\040\000d\000a\000d\000o\000\040\000d\000e\000\040\000v\000e\000n\000t\000o}{subsection.14.2}% 40
\BOOKMARK [2][-]{subsection.14.3}{\376\377\000R\000e\000s\000u\000l\000t\000a\000d\000o\000s}{section.14}% 41
\BOOKMARK [2][-]{subsection.14.4}{\376\377\000A\000n\000\341\000l\000i\000s\000e\000\040\000C\000r\000\355\000t\000i\000c\000a}{section.14}% 42
\BOOKMARK [1][-]{subsection.14.4}{\376\377\000R\000e\000f\000e\000r\000\352\000n\000c\000i\000a\000s\000\040\000B\000i\000b\000l\000i\000o\000g\000r\000\341\000f\000i\000c\000a\000s}{}% 43
